// Jest Snapshot v1, https://goo.gl/fbAQLP

exports[`getData specific meaning 1`] = `
[
  1,
  2,
  3,
]
`;
